[2026-04-02 07:30] Updating homepage...
  Pokemon: 17,173 cards | 135 BUY
  Crypto: 21 assets | 0 BUY | FG: 12
  Pushed: ok
Done.
[2026-04-03 07:30] Updating homepage...
  Pokemon: 17,177 cards | 136 BUY
  Crypto: 21 assets | 3 BUY | FG: 9
  Pushed: ok
Done.
[2026-04-04 07:30] Updating homepage...
  Pokemon: 17,177 cards | 136 BUY
  Crypto: 21 assets | 2 BUY | FG: 11
  Pushed: ok
Done.
[2026-04-05 07:30] Updating homepage...
  Pokemon: 17,182 cards | 140 BUY
  Crypto: 21 assets | 2 BUY | FG: 12
  Pushed: ok
Done.
[2026-04-06 07:30] Updating homepage...
  Pokemon: 17,184 cards | 140 BUY
  Crypto: 21 assets | 3 BUY | FG: 13
  Pushed: ok
Done.
[2026-04-07 07:30] Updating homepage...
  Pokemon: 17,184 cards | 139 BUY
  Crypto: 21 assets | 3 BUY | FG: 11
  Pushed: ok
Done.
[2026-04-08 07:30] Updating homepage...
  Pokemon: 17,185 cards | 143 BUY
  Crypto: 21 assets | 6 BUY | FG: 17
  Pushed: ok
Done.
[2026-04-09 07:30] Updating homepage...
  Pokemon: 17,185 cards | 140 BUY
  Crypto: 21 assets | 5 BUY | FG: 14
  Pushed: ok
Done.
[2026-04-10 07:30] Updating homepage...
  Pokemon: 17,185 cards | 140 BUY
  Crypto: 21 assets | 5 BUY | FG: 16
  Pushed: ok
Done.
[2026-04-11 07:30] Updating homepage...
  Pokemon: 17,185 cards | 139 BUY
  Crypto: 21 assets | 3 BUY | FG: 15
  Pushed: ok
Done.
[2026-04-12 07:30] Updating homepage...
  Pokemon: 17,191 cards | 138 BUY
  Crypto: 21 assets | 2 BUY | FG: 16
  Pushed: ok
Done.
[2026-04-13 07:30] Updating homepage...
  Pokemon: 17,191 cards | 140 BUY
  Crypto: 21 assets | 3 BUY | FG: 12
  Pushed: ok
Done.
[2026-04-14 07:30] Updating homepage...
  Pokemon: 17,192 cards | 140 BUY
  Crypto: 21 assets | 5 BUY | FG: 21
  Pushed: ok
Done.
[2026-04-15 07:30] Updating homepage...
  Pokemon: 17,192 cards | 140 BUY
  Crypto: 21 assets | 1 BUY | FG: 23
  Pushed: ok
Done.
[2026-04-16 07:30] Updating homepage...
  Pokemon: 17,192 cards | 141 BUY
  Crypto: 21 assets | 4 BUY | FG: 23
  Pushed: ok
Done.
[2026-04-17 07:30] Updating homepage...
  Pokemon: 17,194 cards | 140 BUY
  Crypto: 21 assets | 6 BUY | FG: 21
  Pushed: ok
Done.
[2026-04-18 07:30] Updating homepage...
  Pokemon: 17,194 cards | 140 BUY
  Crypto: 21 assets | 6 BUY | FG: 26
  Pushed: ok
Done.
[2026-04-19 07:30] Updating homepage...
  Pokemon: 17,194 cards | 137 BUY
  Crypto: 21 assets | 2 BUY | FG: 27
  Pushed: ok
Done.
[2026-04-20 07:30] Updating homepage...
  Pokemon: 17,194 cards | 134 BUY
  Crypto: 21 assets | 1 BUY | FG: 29
  Pushed: ok
Done.
[2026-04-21 07:30] Updating homepage...
  Pokemon: 17,196 cards | 133 BUY
  Crypto: 21 assets | 2 BUY | FG: 33
  Pushed: ok
Done.
[2026-04-22 07:30] Updating homepage...
  Pokemon: 17,196 cards | 133 BUY
  Crypto: 21 assets | 3 BUY | FG: 32
  Pushed: ok
Done.
[2026-04-23 07:30] Updating homepage...
  Pokemon: 17,197 cards | 135 BUY
  Crypto: 21 assets | 2 BUY | FG: 46
  Pushed: ok
Done.
[2026-04-24 07:30] Updating homepage...
  Pokemon: 17,197 cards | 138 BUY
  Crypto: 21 assets | 0 BUY | FG: 39
  Pushed: ok
Done.
[2026-04-25 07:30] Updating homepage...
  Pokemon: 17,198 cards | 139 BUY
  Crypto: 21 assets | 1 BUY | FG: 31
  Pushed: ok
Done.
[2026-04-26 07:30] Updating homepage...
  Pokemon: 17,199 cards | 142 BUY
  Crypto: 21 assets | 2 BUY | FG: 33
  Pushed: ok
Done.
[2026-04-27 07:30] Updating homepage...
  Pokemon: 17,201 cards | 143 BUY
  Crypto: 21 assets | 0 BUY | FG: 47
  Pushed: ok
Done.
[2026-04-28 07:30] Updating homepage...
  Pokemon: 17,201 cards | 144 BUY
  Crypto: 21 assets | 1 BUY | FG: 33
  Pushed: ok
Done.
[2026-04-29 07:30] Updating homepage...
  Pokemon: 17,201 cards | 144 BUY
  Crypto: 21 assets | 1 BUY | FG: 26
  Pushed: ok
Done.
[2026-04-30 07:30] Updating homepage...
  Pokemon: 17,203 cards | 145 BUY
  Crypto: 21 assets | 0 BUY | FG: 29
  Pushed: ok
Done.
[2026-05-01 07:30] Updating homepage...
  Pokemon: 17,203 cards | 145 BUY
  Crypto: 21 assets | 0 BUY | FG: 26
  Pushed: ok
Done.
[2026-05-02 07:30] Updating homepage...
  Pokemon: 17,204 cards | 145 BUY
  Crypto: 21 assets | 1 BUY | FG: 39
  Pushed: ok
Done.
[2026-05-03 07:30] Updating homepage...
  Pokemon: 17,204 cards | 136 BUY
  Crypto: 21 assets | 1 BUY | FG: 47
  Pushed: ok
Done.
[2026-05-04 07:30] Updating homepage...
  Pokemon: 17,204 cards | 139 BUY
  Crypto: 21 assets | 0 BUY | FG: 40
  Pushed: ok
Done.
[2026-05-05 07:30] Updating homepage...
  Pokemon: 17,204 cards | 140 BUY
  Crypto: 21 assets | 2 BUY | FG: 50
  Pushed: ok
Done.
[2026-05-06 07:30] Updating homepage...
  Pokemon: 17,204 cards | 139 BUY
  Crypto: 21 assets | 2 BUY | FG: 46
  Pushed: ok
Done.
[2026-05-07 07:30] Updating homepage...
  Pokemon: 17,205 cards | 139 BUY
  Crypto: 21 assets | 6 BUY | FG: 47
  Pushed: ok
Done.
[2026-05-08 07:30] Updating homepage...
  Pokemon: 17,205 cards | 140 BUY
  Crypto: 21 assets | 2 BUY | FG: 38
  Pushed: ok
Done.
[2026-05-09 07:30] Updating homepage...
  Pokemon: 17,205 cards | 140 BUY
  Crypto: 21 assets | 10 BUY | FG: 38
  Pushed: ok
Done.
[2026-05-10 07:30] Updating homepage...
  Pokemon: 17,206 cards | 142 BUY
  Crypto: 21 assets | 4 BUY | FG: 47
  Pushed: ok
Done.
[2026-05-11 07:30] Updating homepage...
  Pokemon: 17,207 cards | 142 BUY
  Crypto: 21 assets | 4 BUY | FG: 48
  Pushed: ok
Done.
[2026-05-12 07:30] Updating homepage...
  Pokemon: 17,209 cards | 143 BUY
  Crypto: 21 assets | 5 BUY | FG: 49
  Pushed: ok
Done.
[2026-05-13 07:30] Updating homepage...
  Pokemon: 17,210 cards | 142 BUY
  Crypto: 21 assets | 2 BUY | FG: 42
  Pushed: ok
Done.
[2026-05-14 07:30] Updating homepage...
  Pokemon: 17,210 cards | 140 BUY
  Crypto: 21 assets | 1 BUY | FG: 34
  Pushed: ok
Done.
[2026-05-15 07:30] Updating homepage...
  Pokemon: 17,210 cards | 134 BUY
  Crypto: 21 assets | 1 BUY | FG: 43
  Pushed: ok
Done.
[2026-05-16 07:30] Updating homepage...
  Pokemon: 17,210 cards | 134 BUY
  Crypto: 21 assets | 0 BUY | FG: 31
  Pushed: ok
Done.
[2026-05-17 07:30] Updating homepage...
  Pokemon: 17,210 cards | 132 BUY
  Crypto: 21 assets | 1 BUY | FG: 27
  Pushed: ok
Done.
[2026-05-18 07:30] Updating homepage...
  Pokemon: 17,211 cards | 133 BUY
  Crypto: 21 assets | 0 BUY | FG: 28
  Pushed: ok
Done.
[2026-05-19 07:30] Updating homepage...
  Pokemon: 17,211 cards | 131 BUY
  Crypto: 21 assets | 0 BUY | FG: 25
  Pushed: ok
Done.
[2026-05-20 07:30] Updating homepage...
  Pokemon: 17,211 cards | 131 BUY
  Crypto: 21 assets | 0 BUY | FG: 27
  Pushed: ok
Done.
[2026-05-21 07:30] Updating homepage...
  Pokemon: 17,212 cards | 131 BUY
  Crypto: 21 assets | 1 BUY | FG: 29
  Pushed: ok
Done.
[2026-05-22 07:30] Updating homepage...
  Pokemon: 17,213 cards | 131 BUY
  Crypto: 21 assets | 1 BUY | FG: 28
  Pushed: ok
Done.
[2026-05-23 07:30] Updating homepage...
  Pokemon: 17,313 cards | 132 BUY
  Crypto: 21 assets | 1 BUY | FG: 28
  Pushed: ok
Done.
[2026-05-24 07:30] Updating homepage...
  Pokemon: 17,314 cards | 132 BUY
  Crypto: 21 assets | 4 BUY | FG: 25
  Pushed: ok
Done.
[2026-05-25 07:30] Updating homepage...
  Pokemon: 17,314 cards | 132 BUY
  Crypto: 21 assets | 3 BUY | FG: 30
  Pushed: ok
Done.
[2026-05-26 07:30] Updating homepage...
  Pokemon: 17,314 cards | 136 BUY
  Crypto: 21 assets | 5 BUY | FG: 34
  Pushed: ok
Done.
[2026-05-27 07:30] Updating homepage...
  Pokemon: 17,314 cards | 136 BUY
  Crypto: 21 assets | 5 BUY | FG: 25
  Pushed: ok
Done.
[2026-05-28 07:30] Updating homepage...
  Pokemon: 17,314 cards | 136 BUY
  Crypto: 21 assets | 1 BUY | FG: 22
  Pushed: ok
Done.
[2026-05-29 07:30] Updating homepage...
  Pokemon: 17,314 cards | 137 BUY
  Crypto: 21 assets | 3 BUY | FG: 23
  Pushed: ok
Done.
[2026-05-30 07:30] Updating homepage...
  Pokemon: 17,314 cards | 137 BUY
  Crypto: 21 assets | 3 BUY | FG: 23
  No changes needed
Done.
[2026-05-31 07:30] Updating homepage...
  Pokemon: 17,315 cards | 138 BUY
  Crypto: 21 assets | 2 BUY | FG: 28
  Pushed: ok
Done.
[2026-06-01 07:30] Updating homepage...
  Pokemon: 17,315 cards | 138 BUY
  Crypto: 21 assets | 2 BUY | FG: 29
  Pushed: ok
Done.
[2026-06-02 07:30] Updating homepage...
  Pokemon: 17,316 cards | 139 BUY
  Crypto: 21 assets | 2 BUY | FG: 23
  Pushed: ok
Done.
[2026-06-03 07:30] Updating homepage...
  Pokemon: 17,317 cards | 140 BUY
  Crypto: 21 assets | 1 BUY | FG: 11
  Pushed: ok
Done.
[2026-06-04 07:30] Updating homepage...
  Pokemon: 17,319 cards | 139 BUY
  Crypto: 21 assets | 0 BUY | FG: 12
  Pushed: ok
Done.
[2026-06-05 07:30] Updating homepage...
  Pokemon: 17,319 cards | 140 BUY
  Crypto: 21 assets | 0 BUY | FG: 12
  No changes needed
Done.
[2026-06-06 07:30] Updating homepage...
  Pokemon: 17,319 cards | 140 BUY
  Crypto: 21 assets | 0 BUY | FG: 12
  No changes needed
Done.
[2026-06-07 07:30] Updating homepage...
  Pokemon: 17,319 cards | 140 BUY
  Crypto: 21 assets | 0 BUY | FG: 12
  No changes needed
Done.
[2026-06-08 07:30] Updating homepage...
  Pokemon: 17,319 cards | 140 BUY
  Crypto: 21 assets | 0 BUY | FG: 8
  Pushed: ok
Done.
[2026-06-09 07:30] Updating homepage...
  Pokemon: 17,321 cards | 144 BUY
  Crypto: 21 assets | 0 BUY | FG: 10
  Pushed: ok
Done.
[2026-06-10 07:30] Updating homepage...
  Pokemon: 17,322 cards | 142 BUY
  Crypto: 21 assets | 0 BUY | FG: 9
  Pushed: ok
Done.
[2026-06-11 07:30] Updating homepage...
  Pokemon: 17,324 cards | 141 BUY
  Crypto: 21 assets | 2 BUY | FG: 12
  Pushed: ok
Done.
[2026-06-12 07:30] Updating homepage...
  Pokemon: 17,324 cards | 141 BUY
  Crypto: 21 assets | 1 BUY | FG: 12
  Pushed: ok
Done.
[2026-06-13 07:30] Updating homepage...
  Pokemon: 17,324 cards | 141 BUY
  Crypto: 21 assets | 6 BUY | FG: 13
  Pushed: ok
Done.
[2026-06-14 07:30] Updating homepage...
  Pokemon: 17,324 cards | 142 BUY
  Crypto: 21 assets | 5 BUY | FG: 18
  Pushed: ok
Done.
[2026-06-15 07:30] Updating homepage...
  Pokemon: 17,324 cards | 142 BUY
  Crypto: 21 assets | 7 BUY | FG: 20
  Pushed: ok
Done.
[2026-06-16 07:30] Updating homepage...
  Pokemon: 17,324 cards | 142 BUY
  Crypto: 21 assets | 8 BUY | FG: 23
  Pushed: ok
Done.
[2026-06-17 07:30] Updating homepage...
  Pokemon: 17,324 cards | 140 BUY
  Crypto: 21 assets | 7 BUY | FG: 22
  Pushed: ok
Done.
[2026-06-18 07:30] Updating homepage...
  Pokemon: 17,326 cards | 140 BUY
  Crypto: 21 assets | 6 BUY | FG: 15
  Pushed: ok
Done.
[2026-06-19 07:30] Updating homepage...
  Pokemon: 17,326 cards | 140 BUY
  Crypto: 21 assets | 2 BUY | FG: 14
  Pushed: ok
Done.
[2026-06-20 07:30] Updating homepage...
  Pokemon: 17,326 cards | 140 BUY
  Crypto: 21 assets | 5 BUY | FG: 23
  Pushed: ok
Done.
[2026-06-21 07:30] Updating homepage...
  Pokemon: 17,326 cards | 140 BUY
  Crypto: 21 assets | 3 BUY | FG: 23
  Pushed: ok
Done.
[2026-06-22 07:30] Updating homepage...
  Pokemon: 17,327 cards | 146 BUY
  Crypto: 21 assets | 3 BUY | FG: 20
  Pushed: ok
Done.
[2026-06-23 07:30] Updating homepage...
  Pokemon: 17,327 cards | 145 BUY
  Crypto: 21 assets | 0 BUY | FG: 23
  Pushed: ok
Done.
[2026-06-24 07:30] Updating homepage...
  Pokemon: 17,327 cards | 148 BUY
  Crypto: 21 assets | 0 BUY | FG: 17
  Pushed: ok
Done.
[2026-06-25 07:30] Updating homepage...
  Pokemon: 17,327 cards | 148 BUY
  Crypto: 21 assets | 1 BUY | FG: 12
  Pushed: ok
Done.
[2026-06-26 07:30] Updating homepage...
  Pokemon: 17,327 cards | 148 BUY
  Crypto: 21 assets | 2 BUY | FG: 13
  Pushed: ok
Done.
[2026-06-27 07:30] Updating homepage...
  Pokemon: 17,328 cards | 150 BUY
  Crypto: 21 assets | 3 BUY | FG: 15
  Pushed: ok
Done.
[2026-06-28 07:30] Updating homepage...
  Pokemon: 17,328 cards | 150 BUY
  Crypto: 21 assets | 1 BUY | FG: 18
  Pushed: ok
Done.
[2026-06-29 07:30] Updating homepage...
  Pokemon: 17,328 cards | 150 BUY
  Crypto: 21 assets | 1 BUY | FG: 12
  Pushed: ok
Done.
[2026-06-30 07:30] Updating homepage...
  Pokemon: 17,328 cards | 145 BUY
  Crypto: 21 assets | 2 BUY | FG: 15
  Pushed: ok
Done.
[2026-07-01 07:30] Updating homepage...
  Pokemon: 17,328 cards | 145 BUY
  Crypto: 21 assets | 2 BUY | FG: 11
  Pushed: ok
Done.
[2026-07-02 07:30] Updating homepage...
  Pokemon: 17,328 cards | 145 BUY
  Crypto: 21 assets | 2 BUY | FG: 19
  Pushed: ok
Done.
[2026-07-03 07:30] Updating homepage...
  Pokemon: 17,328 cards | 145 BUY
  Crypto: 21 assets | 7 BUY | FG: 21
  Pushed: ok
Done.
[2026-07-04 07:30] Updating homepage...
  Pokemon: 17,328 cards | 145 BUY
  Crypto: 21 assets | 4 BUY | FG: 22
  Pushed: ok
Done.
[2026-07-05 07:30] Updating homepage...
  Pokemon: 17,329 cards | 145 BUY
  Crypto: 21 assets | 2 BUY | FG: 23
  Pushed: ok
Done.
[2026-07-06 07:30] Updating homepage...
  Pokemon: 17,329 cards | 145 BUY
  Crypto: 21 assets | 2 BUY | FG: 24
  Pushed: ok
Done.
[2026-07-07 07:30] Updating homepage...
  Pokemon: 17,329 cards | 145 BUY
  Crypto: 21 assets | 5 BUY | FG: 27
  Pushed: ok
Done.
[2026-07-08 07:30] Updating homepage...
  Pokemon: 17,329 cards | 145 BUY
  Crypto: 21 assets | 3 BUY | FG: 20
  Pushed: ok
Done.
[2026-07-09 07:30] Updating homepage...
  Pokemon: 17,329 cards | 145 BUY
  Crypto: 21 assets | 3 BUY | FG: 22
  Pushed: ok
Done.
[2026-07-10 07:30] Updating homepage...
  Pokemon: 17,329 cards | 144 BUY
  Crypto: 21 assets | 4 BUY | FG: 23
  Pushed: ok
Done.
[2026-07-11 07:30] Updating homepage...
  Pokemon: 17,329 cards | 144 BUY
  Crypto: 21 assets | 1 BUY | FG: 26
  Pushed: ok
Done.
[2026-07-12 07:30] Updating homepage...
  Pokemon: 17,329 cards | 144 BUY
  Crypto: 21 assets | 2 BUY | FG: 26
  Pushed: ok
Done.
[2026-07-13 07:30] Updating homepage...
  Pokemon: 17,329 cards | 144 BUY
  Crypto: 21 assets | 0 BUY | FG: 28
  Pushed: ok
Done.
[2026-07-14 07:30] Updating homepage...
  Pokemon: 17,329 cards | 144 BUY
  Crypto: 21 assets | 1 BUY | FG: 22
  Pushed: ok
Done.
